Component: ARM Compiler 5.06 update 4 (build 422) Tool: armlink [4d35d2]

==============================================================================

Section Cross References

    main.o(.text) refers to stm32f0xx_tim.o(.text) for TIM_DeInit
    main.o(.text) refers to stm32f0xx_rcc.o(.text) for RCC_APB2PeriphClockCmd
    main.o(.text) refers to stm32f0xx_misc.o(.text) for NVIC_Init
    main.o(.text) refers to stm32f0xx_gpio.o(.text) for GPIO_ReadInputDataBit
    main.o(.text) refers to stm32f0xx_adc.o(.text) for ADC_DeInit
    main.o(.text) refers to stm32f0xx_dma.o(.text) for DMA_DeInit
    main.o(.text) refers to key.o(.data) for press_time
    main.o(.text) refers to main.o(.data) for RegularConvData_Tab
    main.o(.text) refers to system_stm32f0xx.o(.text) for SystemInit
    main.o(.text) refers to system.o(.text) for Delay_ms
    main.o(.text) refers to key.o(.text) for Motor_GPIO_Init
    main.o(.text) refers to stm32f0xx_wwdg.o(.text) for IWDG_Configuration
    system.o(.text) refers to stm32f0xx_usart.o(.text) for USART_SendData
    stm32f0xx_adc.o(.text) refers to stm32f0xx_rcc.o(.text) for RCC_APB2PeriphResetCmd
    stm32f0xx_can.o(.text) refers to stm32f0xx_rcc.o(.text) for RCC_APB1PeriphResetCmd
    stm32f0xx_cec.o(.text) refers to stm32f0xx_rcc.o(.text) for RCC_APB1PeriphResetCmd
    stm32f0xx_crs.o(.text) refers to stm32f0xx_rcc.o(.text) for RCC_APB1PeriphResetCmd
    stm32f0xx_dac.o(.text) refers to stm32f0xx_rcc.o(.text) for RCC_APB1PeriphResetCmd
    stm32f0xx_gpio.o(.text) refers to stm32f0xx_rcc.o(.text) for RCC_AHBPeriphResetCmd
    stm32f0xx_i2c.o(.text) refers to stm32f0xx_rcc.o(.text) for RCC_APB1PeriphResetCmd
    stm32f0xx_pwr.o(.text) refers to stm32f0xx_rcc.o(.text) for RCC_APB1PeriphResetCmd
    stm32f0xx_rcc.o(.text) refers to uidiv.o(.text) for __aeabi_uidivmod
    stm32f0xx_rcc.o(.text) refers to stm32f0xx_rcc.o(.data) for APBAHBPrescTable
    stm32f0xx_spi.o(.text) refers to stm32f0xx_rcc.o(.text) for RCC_APB2PeriphResetCmd
    stm32f0xx_spi.o(.text) refers to uidiv.o(.text) for __aeabi_uidivmod
    stm32f0xx_tim.o(.text) refers to stm32f0xx_rcc.o(.text) for RCC_APB2PeriphResetCmd
    stm32f0xx_usart.o(.text) refers to stm32f0xx_rcc.o(.text) for RCC_APB2PeriphResetCmd
    stm32f0xx_usart.o(.text) refers to uidiv.o(.text) for __aeabi_uidivmod
    stm32f0xx_wwdg.o(.text) refers to stm32f0xx_rcc.o(.text) for RCC_APB1PeriphResetCmd
    stm32f0xx_wwdg.o(.text) refers to stm32f0xx_iwdg.o(.text) for IWDG_WriteAccessCmd
    key.o(.text) refers to stm32f0xx_rcc.o(.text) for RCC_AHBPeriphClockCmd
    key.o(.text) refers to stm32f0xx_gpio.o(.text) for GPIO_Init
    key.o(.text) refers to system.o(.text) for Delay_ms
    key.o(.text) refers to main.o(.text) for M1M2_AD_Detect
    key.o(.text) refers to key.o(.data) for SwitchFastFlag
    system_stm32f0xx.o(.text) refers to uidiv.o(.text) for __aeabi_uidivmod
    system_stm32f0xx.o(.text) refers to system_stm32f0xx.o(.data) for SystemCoreClock
    system_stm32f0xx.o(.text) refers to system_stm32f0xx.o(.constdata) for AHBPrescTable
    startup_stm32f030.o(RESET) refers to startup_stm32f030.o(STACK) for __initial_sp
    startup_stm32f030.o(RESET) refers to startup_stm32f030.o(.text) for Reset_Handler
    startup_stm32f030.o(RESET) refers to stm32f0xx_it.o(.text) for NMI_Handler
    startup_stm32f030.o(RESET) refers to main.o(.text) for DMA1_Channel1_IRQHandler
    startup_stm32f030.o(.text) refers to system_stm32f0xx.o(.text) for SystemInit
    startup_stm32f030.o(.text) refers to entry.o(.ARM.Collect$$$$00000000) for __main
    entry.o(.ARM.Collect$$$$00000000) refers (Special) to entry10a.o(.ARM.Collect$$$$0000000D) for __rt_final_cpp
    entry.o(.ARM.Collect$$$$00000000) refers (Special) to entry11a.o(.ARM.Collect$$$$0000000F) for __rt_final_exit
    entry.o(.ARM.Collect$$$$00000000) refers (Special) to entry7b.o(.ARM.Collect$$$$00000008) for _main_clock
    entry.o(.ARM.Collect$$$$00000000) refers (Special) to entry8b.o(.ARM.Collect$$$$0000000A) for _main_cpp_init
    entry.o(.ARM.Collect$$$$00000000) refers (Special) to entry9a.o(.ARM.Collect$$$$0000000B) for _main_init
    entry.o(.ARM.Collect$$$$00000000) refers (Special) to entry5.o(.ARM.Collect$$$$00000004) for _main_scatterload
    entry.o(.ARM.Collect$$$$00000000) refers (Special) to entry2.o(.ARM.Collect$$$$00000001) for _main_stk
    entry2.o(.ARM.Collect$$$$00000001) refers to entry2.o(.ARM.Collect$$$$00002712) for __lit__00000000
    entry2.o(.ARM.Collect$$$$00002712) refers to startup_stm32f030.o(STACK) for __initial_sp
    entry2.o(__vectab_stack_and_reset_area) refers to startup_stm32f030.o(STACK) for __initial_sp
    entry2.o(__vectab_stack_and_reset_area) refers to entry.o(.ARM.Collect$$$$00000000) for __main
    entry5.o(.ARM.Collect$$$$00000004) refers to init.o(.text) for __scatterload
    entry9a.o(.ARM.Collect$$$$0000000B) refers to main.o(.text) for main
    entry9b.o(.ARM.Collect$$$$0000000C) refers to main.o(.text) for main
    init.o(.text) refers to entry5.o(.ARM.Collect$$$$00000004) for __main_after_scatterload


==============================================================================

Removing Unused input sections from the image.

    Removing main.o(.rev16_text), (4 bytes).
    Removing main.o(.revsh_text), (4 bytes).
    Removing stm32f0xx_it.o(.rev16_text), (4 bytes).
    Removing stm32f0xx_it.o(.revsh_text), (4 bytes).
    Removing system.o(.rev16_text), (4 bytes).
    Removing system.o(.revsh_text), (4 bytes).
    Removing stm32f0xx_adc.o(.rev16_text), (4 bytes).
    Removing stm32f0xx_adc.o(.revsh_text), (4 bytes).
    Removing stm32f0xx_can.o(.rev16_text), (4 bytes).
    Removing stm32f0xx_can.o(.revsh_text), (4 bytes).
    Removing stm32f0xx_can.o(.text), (2696 bytes).
    Removing stm32f0xx_cec.o(.rev16_text), (4 bytes).
    Removing stm32f0xx_cec.o(.revsh_text), (4 bytes).
    Removing stm32f0xx_cec.o(.text), (336 bytes).
    Removing stm32f0xx_comp.o(.rev16_text), (4 bytes).
    Removing stm32f0xx_comp.o(.revsh_text), (4 bytes).
    Removing stm32f0xx_comp.o(.text), (232 bytes).
    Removing stm32f0xx_crc.o(.rev16_text), (4 bytes).
    Removing stm32f0xx_crc.o(.revsh_text), (4 bytes).
    Removing stm32f0xx_crc.o(.text), (228 bytes).
    Removing stm32f0xx_crs.o(.rev16_text), (4 bytes).
    Removing stm32f0xx_crs.o(.revsh_text), (4 bytes).
    Removing stm32f0xx_crs.o(.text), (416 bytes).
    Removing stm32f0xx_dac.o(.rev16_text), (4 bytes).
    Removing stm32f0xx_dac.o(.revsh_text), (4 bytes).
    Removing stm32f0xx_dac.o(.text), (528 bytes).
    Removing stm32f0xx_dbgmcu.o(.rev16_text), (4 bytes).
    Removing stm32f0xx_dbgmcu.o(.revsh_text), (4 bytes).
    Removing stm32f0xx_dbgmcu.o(.text), (108 bytes).
    Removing stm32f0xx_dma.o(.rev16_text), (4 bytes).
    Removing stm32f0xx_dma.o(.revsh_text), (4 bytes).
    Removing stm32f0xx_exti.o(.rev16_text), (4 bytes).
    Removing stm32f0xx_exti.o(.revsh_text), (4 bytes).
    Removing stm32f0xx_exti.o(.text), (248 bytes).
    Removing stm32f0xx_flash.o(.rev16_text), (4 bytes).
    Removing stm32f0xx_flash.o(.revsh_text), (4 bytes).
    Removing stm32f0xx_flash.o(.text), (1712 bytes).
    Removing stm32f0xx_gpio.o(.rev16_text), (4 bytes).
    Removing stm32f0xx_gpio.o(.revsh_text), (4 bytes).
    Removing stm32f0xx_i2c.o(.rev16_text), (4 bytes).
    Removing stm32f0xx_i2c.o(.revsh_text), (4 bytes).
    Removing stm32f0xx_i2c.o(.text), (1174 bytes).
    Removing stm32f0xx_iwdg.o(.rev16_text), (4 bytes).
    Removing stm32f0xx_iwdg.o(.revsh_text), (4 bytes).
    Removing stm32f0xx_misc.o(.rev16_text), (4 bytes).
    Removing stm32f0xx_misc.o(.revsh_text), (4 bytes).
    Removing stm32f0xx_pwr.o(.rev16_text), (4 bytes).
    Removing stm32f0xx_pwr.o(.revsh_text), (4 bytes).
    Removing stm32f0xx_pwr.o(.text), (344 bytes).
    Removing stm32f0xx_rcc.o(.rev16_text), (4 bytes).
    Removing stm32f0xx_rcc.o(.revsh_text), (4 bytes).
    Removing stm32f0xx_rtc.o(.rev16_text), (4 bytes).
    Removing stm32f0xx_rtc.o(.revsh_text), (4 bytes).
    Removing stm32f0xx_rtc.o(.text), (3136 bytes).
    Removing stm32f0xx_spi.o(.rev16_text), (4 bytes).
    Removing stm32f0xx_spi.o(.revsh_text), (4 bytes).
    Removing stm32f0xx_spi.o(.text), (956 bytes).
    Removing stm32f0xx_syscfg.o(.rev16_text), (4 bytes).
    Removing stm32f0xx_syscfg.o(.revsh_text), (4 bytes).
    Removing stm32f0xx_syscfg.o(.text), (240 bytes).
    Removing stm32f0xx_tim.o(.rev16_text), (4 bytes).
    Removing stm32f0xx_tim.o(.revsh_text), (4 bytes).
    Removing stm32f0xx_usart.o(.rev16_text), (4 bytes).
    Removing stm32f0xx_usart.o(.revsh_text), (4 bytes).
    Removing stm32f0xx_wwdg.o(.rev16_text), (4 bytes).
    Removing stm32f0xx_wwdg.o(.revsh_text), (4 bytes).
    Removing key.o(.rev16_text), (4 bytes).
    Removing key.o(.revsh_text), (4 bytes).
    Removing system_stm32f0xx.o(.rev16_text), (4 bytes).
    Removing system_stm32f0xx.o(.revsh_text), (4 bytes).
    Removing startup_stm32f030.o(HEAP), (1024 bytes).

71 unused section(s) (total 13602 bytes) removed from the image.

==============================================================================

Image Symbol Table

    Local Symbols

    Symbol Name                              Value     Ov Type        Size  Object(Section)

    ../clib/microlib/division.c              0x00000000   Number         0  uidiv.o ABSOLUTE
    ../clib/microlib/init/entry.s            0x00000000   Number         0  entry8b.o ABSOLUTE
    ../clib/microlib/init/entry.s            0x00000000   Number         0  entry8a.o ABSOLUTE
    ../clib/microlib/init/entry.s            0x00000000   Number         0  entry7b.o ABSOLUTE
    ../clib/microlib/init/entry.s            0x00000000   Number         0  entry11b.o ABSOLUTE
    ../clib/microlib/init/entry.s            0x00000000   Number         0  entry7a.o ABSOLUTE
    ../clib/microlib/init/entry.s            0x00000000   Number         0  entry5.o ABSOLUTE
    ../clib/microlib/init/entry.s            0x00000000   Number         0  entry2.o ABSOLUTE
    ../clib/microlib/init/entry.s            0x00000000   Number         0  entry.o ABSOLUTE
    ../clib/microlib/init/entry.s            0x00000000   Number         0  entry9a.o ABSOLUTE
    ../clib/microlib/init/entry.s            0x00000000   Number         0  entry11a.o ABSOLUTE
    ../clib/microlib/init/entry.s            0x00000000   Number         0  entry10b.o ABSOLUTE
    ../clib/microlib/init/entry.s            0x00000000   Number         0  entry10a.o ABSOLUTE
    ../clib/microlib/init/entry.s            0x00000000   Number         0  entry9b.o ABSOLUTE
    APP\KEY\key.c                            0x00000000   Number         0  key.o ABSOLUTE
    APP\\KEY\\key.c                          0x00000000   Number         0  key.o ABSOLUTE
    CMSIS\\system_stm32f0xx.c                0x00000000   Number         0  system_stm32f0xx.o ABSOLUTE
    CMSIS\startup_stm32f030.s                0x00000000   Number         0  startup_stm32f030.o ABSOLUTE
    CMSIS\system_stm32f0xx.c                 0x00000000   Number         0  system_stm32f0xx.o ABSOLUTE
    Libraries\\src\\stm32f0xx_adc.c          0x00000000   Number         0  stm32f0xx_adc.o ABSOLUTE
    Libraries\\src\\stm32f0xx_can.c          0x00000000   Number         0  stm32f0xx_can.o ABSOLUTE
    Libraries\\src\\stm32f0xx_cec.c          0x00000000   Number         0  stm32f0xx_cec.o ABSOLUTE
    Libraries\\src\\stm32f0xx_comp.c         0x00000000   Number         0  stm32f0xx_comp.o ABSOLUTE
    Libraries\\src\\stm32f0xx_crc.c          0x00000000   Number         0  stm32f0xx_crc.o ABSOLUTE
    Libraries\\src\\stm32f0xx_crs.c          0x00000000   Number         0  stm32f0xx_crs.o ABSOLUTE
    Libraries\\src\\stm32f0xx_dac.c          0x00000000   Number         0  stm32f0xx_dac.o ABSOLUTE
    Libraries\\src\\stm32f0xx_dbgmcu.c       0x00000000   Number         0  stm32f0xx_dbgmcu.o ABSOLUTE
    Libraries\\src\\stm32f0xx_dma.c          0x00000000   Number         0  stm32f0xx_dma.o ABSOLUTE
    Libraries\\src\\stm32f0xx_exti.c         0x00000000   Number         0  stm32f0xx_exti.o ABSOLUTE
    Libraries\\src\\stm32f0xx_flash.c        0x00000000   Number         0  stm32f0xx_flash.o ABSOLUTE
    Libraries\\src\\stm32f0xx_gpio.c         0x00000000   Number         0  stm32f0xx_gpio.o ABSOLUTE
    Libraries\\src\\stm32f0xx_i2c.c          0x00000000   Number         0  stm32f0xx_i2c.o ABSOLUTE
    Libraries\\src\\stm32f0xx_iwdg.c         0x00000000   Number         0  stm32f0xx_iwdg.o ABSOLUTE
    Libraries\\src\\stm32f0xx_misc.c         0x00000000   Number         0  stm32f0xx_misc.o ABSOLUTE
    Libraries\\src\\stm32f0xx_pwr.c          0x00000000   Number         0  stm32f0xx_pwr.o ABSOLUTE
    Libraries\\src\\stm32f0xx_rcc.c          0x00000000   Number         0  stm32f0xx_rcc.o ABSOLUTE
    Libraries\\src\\stm32f0xx_rtc.c          0x00000000   Number         0  stm32f0xx_rtc.o ABSOLUTE
    Libraries\\src\\stm32f0xx_spi.c          0x00000000   Number         0  stm32f0xx_spi.o ABSOLUTE
    Libraries\\src\\stm32f0xx_syscfg.c       0x00000000   Number         0  stm32f0xx_syscfg.o ABSOLUTE
    Libraries\\src\\stm32f0xx_tim.c          0x00000000   Number         0  stm32f0xx_tim.o ABSOLUTE
    Libraries\\src\\stm32f0xx_usart.c        0x00000000   Number         0  stm32f0xx_usart.o ABSOLUTE
    Libraries\\src\\stm32f0xx_wwdg.c         0x00000000   Number         0  stm32f0xx_wwdg.o ABSOLUTE
    Libraries\src\stm32f0xx_adc.c            0x00000000   Number         0  stm32f0xx_adc.o ABSOLUTE
    Libraries\src\stm32f0xx_can.c            0x00000000   Number         0  stm32f0xx_can.o ABSOLUTE
    Libraries\src\stm32f0xx_cec.c            0x00000000   Number         0  stm32f0xx_cec.o ABSOLUTE
    Libraries\src\stm32f0xx_comp.c           0x00000000   Number         0  stm32f0xx_comp.o ABSOLUTE
    Libraries\src\stm32f0xx_crc.c            0x00000000   Number         0  stm32f0xx_crc.o ABSOLUTE
    Libraries\src\stm32f0xx_crs.c            0x00000000   Number         0  stm32f0xx_crs.o ABSOLUTE
    Libraries\src\stm32f0xx_dac.c            0x00000000   Number         0  stm32f0xx_dac.o ABSOLUTE
    Libraries\src\stm32f0xx_dbgmcu.c         0x00000000   Number         0  stm32f0xx_dbgmcu.o ABSOLUTE
    Libraries\src\stm32f0xx_dma.c            0x00000000   Number         0  stm32f0xx_dma.o ABSOLUTE
    Libraries\src\stm32f0xx_exti.c           0x00000000   Number         0  stm32f0xx_exti.o ABSOLUTE
    Libraries\src\stm32f0xx_flash.c          0x00000000   Number         0  stm32f0xx_flash.o ABSOLUTE
    Libraries\src\stm32f0xx_gpio.c           0x00000000   Number         0  stm32f0xx_gpio.o ABSOLUTE
    Libraries\src\stm32f0xx_i2c.c            0x00000000   Number         0  stm32f0xx_i2c.o ABSOLUTE
    Libraries\src\stm32f0xx_iwdg.c           0x00000000   Number         0  stm32f0xx_iwdg.o ABSOLUTE
    Libraries\src\stm32f0xx_misc.c           0x00000000   Number         0  stm32f0xx_misc.o ABSOLUTE
    Libraries\src\stm32f0xx_pwr.c            0x00000000   Number         0  stm32f0xx_pwr.o ABSOLUTE
    Libraries\src\stm32f0xx_rcc.c            0x00000000   Number         0  stm32f0xx_rcc.o ABSOLUTE
    Libraries\src\stm32f0xx_rtc.c            0x00000000   Number         0  stm32f0xx_rtc.o ABSOLUTE
    Libraries\src\stm32f0xx_spi.c            0x00000000   Number         0  stm32f0xx_spi.o ABSOLUTE
    Libraries\src\stm32f0xx_syscfg.c         0x00000000   Number         0  stm32f0xx_syscfg.o ABSOLUTE
    Libraries\src\stm32f0xx_tim.c            0x00000000   Number         0  stm32f0xx_tim.o ABSOLUTE
    Libraries\src\stm32f0xx_usart.c          0x00000000   Number         0  stm32f0xx_usart.o ABSOLUTE
    Libraries\src\stm32f0xx_wwdg.c           0x00000000   Number         0  stm32f0xx_wwdg.o ABSOLUTE
    User\\main.c                             0x00000000   Number         0  main.o ABSOLUTE
    User\\stm32f0xx_it.c                     0x00000000   Number         0  stm32f0xx_it.o ABSOLUTE
    User\\system.c                           0x00000000   Number         0  system.o ABSOLUTE
    User\main.c                              0x00000000   Number         0  main.o ABSOLUTE
    User\stm32f0xx_it.c                      0x00000000   Number         0  stm32f0xx_it.o ABSOLUTE
    User\system.c                            0x00000000   Number         0  system.o ABSOLUTE
    dc.s                                     0x00000000   Number         0  dc.o ABSOLUTE
    handlers.s                               0x00000000   Number         0  handlers.o ABSOLUTE
    init.s                                   0x00000000   Number         0  init.o ABSOLUTE
    RESET                                    0x08000000   Section      180  startup_stm32f030.o(RESET)
    .ARM.Collect$$$$00000000                 0x080000b4   Section        0  entry.o(.ARM.Collect$$$$00000000)
    .ARM.Collect$$$$00000001                 0x080000b4   Section        4  entry2.o(.ARM.Collect$$$$00000001)
    .ARM.Collect$$$$00000004                 0x080000b8   Section        4  entry5.o(.ARM.Collect$$$$00000004)
    .ARM.Collect$$$$00000008                 0x080000bc   Section        0  entry7b.o(.ARM.Collect$$$$00000008)
    .ARM.Collect$$$$0000000A                 0x080000bc   Section        0  entry8b.o(.ARM.Collect$$$$0000000A)
    .ARM.Collect$$$$0000000B                 0x080000bc   Section        8  entry9a.o(.ARM.Collect$$$$0000000B)
    .ARM.Collect$$$$0000000D                 0x080000c4   Section        0  entry10a.o(.ARM.Collect$$$$0000000D)
    .ARM.Collect$$$$0000000F                 0x080000c4   Section        0  entry11a.o(.ARM.Collect$$$$0000000F)
    .ARM.Collect$$$$00002712                 0x080000c4   Section        4  entry2.o(.ARM.Collect$$$$00002712)
    __lit__00000000                          0x080000c4   Data           4  entry2.o(.ARM.Collect$$$$00002712)
    .text                                    0x080000c8   Section        0  main.o(.text)
    .text                                    0x080005ec   Section        0  stm32f0xx_it.o(.text)
    .text                                    0x080005f8   Section        0  system.o(.text)
    .text                                    0x0800066c   Section        0  stm32f0xx_adc.o(.text)
    .text                                    0x08000958   Section        0  stm32f0xx_dma.o(.text)
    .text                                    0x08000b00   Section        0  stm32f0xx_gpio.o(.text)
    .text                                    0x08000d0c   Section        0  stm32f0xx_iwdg.o(.text)
    .text                                    0x08000d58   Section        0  stm32f0xx_misc.o(.text)
    .text                                    0x08000e0c   Section        0  stm32f0xx_rcc.o(.text)
    .text                                    0x080014dc   Section        0  stm32f0xx_tim.o(.text)
    TI4_Config                               0x08001c45   Thumb Code    66  stm32f0xx_tim.o(.text)
    TI3_Config                               0x08001c99   Thumb Code    66  stm32f0xx_tim.o(.text)
    TI2_Config                               0x08001d29   Thumb Code    66  stm32f0xx_tim.o(.text)
    TI1_Config                               0x08001d7d   Thumb Code    54  stm32f0xx_tim.o(.text)
    .text                                    0x080020dc   Section        0  stm32f0xx_usart.o(.text)
    .text                                    0x08002674   Section        0  stm32f0xx_wwdg.o(.text)
    .text                                    0x0800273c   Section        0  key.o(.text)
    .text                                    0x08002dec   Section        0  system_stm32f0xx.o(.text)
    SetSysClock                              0x08002ded   Thumb Code   118  system_stm32f0xx.o(.text)
    .text                                    0x08002f8c   Section       28  startup_stm32f030.o(.text)
    .text                                    0x08002fa8   Section        0  uidiv.o(.text)
    .text                                    0x08002fd4   Section       36  init.o(.text)
    i.__scatterload_copy                     0x08002ff8   Section       14  handlers.o(i.__scatterload_copy)
    i.__scatterload_null                     0x08003006   Section        2  handlers.o(i.__scatterload_null)
    i.__scatterload_zeroinit                 0x08003008   Section       14  handlers.o(i.__scatterload_zeroinit)
    .constdata                               0x08003016   Section       16  system_stm32f0xx.o(.constdata)
    .data                                    0x20000000   Section       32  main.o(.data)
    .data                                    0x20000020   Section       16  stm32f0xx_rcc.o(.data)
    APBAHBPrescTable                         0x20000020   Data          16  stm32f0xx_rcc.o(.data)
    .data                                    0x20000030   Section       17  key.o(.data)
    .data                                    0x20000044   Section        4  system_stm32f0xx.o(.data)
    STACK                                    0x20000048   Section     2048  startup_stm32f030.o(STACK)

    Global Symbols

    Symbol Name                              Value     Ov Type        Size  Object(Section)

    BuildAttributes$$THM_ISAv3M$S$PE$A:L22$X:L11$S22$IEEE1$IW$USESV6$~STKCKD$USESV7$~SHL$OSPACE$EBA8$MICROLIB$REQ8$PRES8$EABIv2 0x00000000   Number         0  anon$$obj.o ABSOLUTE
    __ARM_use_no_argv                        0x00000000   Number         0  main.o ABSOLUTE
    __cpp_initialize__aeabi_                  - Undefined Weak Reference
    __cxa_finalize                            - Undefined Weak Reference
    __decompress                              - Undefined Weak Reference
    _clock_init                               - Undefined Weak Reference
    _microlib_exit                            - Undefined Weak Reference
    __Vectors_Size                           0x000000b4   Number         0  startup_stm32f030.o ABSOLUTE
    __Vectors                                0x08000000   Data           4  startup_stm32f030.o(RESET)
    __Vectors_End                            0x080000b4   Data           0  startup_stm32f030.o(RESET)
    __main                                   0x080000b5   Thumb Code     0  entry.o(.ARM.Collect$$$$00000000)
    _main_stk                                0x080000b5   Thumb Code     0  entry2.o(.ARM.Collect$$$$00000001)
    _main_scatterload                        0x080000b9   Thumb Code     0  entry5.o(.ARM.Collect$$$$00000004)
    __main_after_scatterload                 0x080000bd   Thumb Code     0  entry5.o(.ARM.Collect$$$$00000004)
    _main_clock                              0x080000bd   Thumb Code     0  entry7b.o(.ARM.Collect$$$$00000008)
    _main_cpp_init                           0x080000bd   Thumb Code     0  entry8b.o(.ARM.Collect$$$$0000000A)
    _main_init                               0x080000bd   Thumb Code     0  entry9a.o(.ARM.Collect$$$$0000000B)
    __rt_final_cpp                           0x080000c5   Thumb Code     0  entry10a.o(.ARM.Collect$$$$0000000D)
    __rt_final_exit                          0x080000c5   Thumb Code     0  entry11a.o(.ARM.Collect$$$$0000000F)
    TIM16_Configuration                      0x080000c9   Thumb Code    72  main.o(.text)
    TIM16_IRQHandler                         0x08000111   Thumb Code   658  main.o(.text)
    ADC1_DMA_Init                            0x080003a3   Thumb Code   310  main.o(.text)
    DMA1_Channel1_IRQHandler                 0x080004d9   Thumb Code   100  main.o(.text)
    M1M2_AD_Detect                           0x0800053d   Thumb Code    84  main.o(.text)
    main                                     0x08000591   Thumb Code    50  main.o(.text)
    NMI_Handler                              0x080005ed   Thumb Code     2  stm32f0xx_it.o(.text)
    HardFault_Handler                        0x080005ef   Thumb Code     4  stm32f0xx_it.o(.text)
    SVC_Handler                              0x080005f3   Thumb Code     2  stm32f0xx_it.o(.text)
    PendSV_Handler                           0x080005f5   Thumb Code     2  stm32f0xx_it.o(.text)
    SysTick_Handler                          0x080005f7   Thumb Code     2  stm32f0xx_it.o(.text)
    fputc                                    0x080005f9   Thumb Code    32  system.o(.text)
    Delay_us                                 0x08000619   Thumb Code    46  system.o(.text)
    Delay_ms                                 0x08000647   Thumb Code    30  system.o(.text)
    ADC_DeInit                               0x0800066d   Thumb Code    28  stm32f0xx_adc.o(.text)
    ADC_Init                                 0x08000689   Thumb Code    40  stm32f0xx_adc.o(.text)
    ADC_StructInit                           0x080006b1   Thumb Code    16  stm32f0xx_adc.o(.text)
    ADC_Cmd                                  0x080006c1   Thumb Code    24  stm32f0xx_adc.o(.text)
    ADC_ClockModeConfig                      0x080006d9   Thumb Code     4  stm32f0xx_adc.o(.text)
    ADC_JitterCmd                            0x080006dd   Thumb Code    20  stm32f0xx_adc.o(.text)
    ADC_AutoPowerOffCmd                      0x080006f1   Thumb Code    28  stm32f0xx_adc.o(.text)
    ADC_WaitModeCmd                          0x0800070d   Thumb Code    28  stm32f0xx_adc.o(.text)
    ADC_AnalogWatchdogCmd                    0x08000729   Thumb Code    28  stm32f0xx_adc.o(.text)
    ADC_AnalogWatchdogThresholdsConfig       0x08000745   Thumb Code     8  stm32f0xx_adc.o(.text)
    ADC_AnalogWatchdogSingleChannelConfig    0x0800074d   Thumb Code    28  stm32f0xx_adc.o(.text)
    ADC_AnalogWatchdogSingleChannelCmd       0x08000769   Thumb Code    28  stm32f0xx_adc.o(.text)
    ADC_TempSensorCmd                        0x08000785   Thumb Code    36  stm32f0xx_adc.o(.text)
    ADC_VrefintCmd                           0x080007a9   Thumb Code    36  stm32f0xx_adc.o(.text)
    ADC_VbatCmd                              0x080007cd   Thumb Code    36  stm32f0xx_adc.o(.text)
    ADC_ChannelConfig                        0x080007f1   Thumb Code    24  stm32f0xx_adc.o(.text)
    ADC_ContinuousModeCmd                    0x08000809   Thumb Code    28  stm32f0xx_adc.o(.text)
    ADC_DiscModeCmd                          0x08000825   Thumb Code    28  stm32f0xx_adc.o(.text)
    ADC_OverrunModeCmd                       0x08000841   Thumb Code    28  stm32f0xx_adc.o(.text)
    ADC_GetCalibrationFactor                 0x0800085d   Thumb Code    60  stm32f0xx_adc.o(.text)
    ADC_StopOfConversion                     0x08000899   Thumb Code    10  stm32f0xx_adc.o(.text)
    ADC_StartOfConversion                    0x080008a3   Thumb Code    10  stm32f0xx_adc.o(.text)
    ADC_GetConversionValue                   0x080008ad   Thumb Code     8  stm32f0xx_adc.o(.text)
    ADC_DMACmd                               0x080008b5   Thumb Code    24  stm32f0xx_adc.o(.text)
    ADC_DMARequestModeConfig                 0x080008cd   Thumb Code    16  stm32f0xx_adc.o(.text)
    ADC_ITConfig                             0x080008dd   Thumb Code    20  stm32f0xx_adc.o(.text)
    ADC_GetFlagStatus                        0x080008f1   Thumb Code    48  stm32f0xx_adc.o(.text)
    ADC_ClearFlag                            0x08000921   Thumb Code     4  stm32f0xx_adc.o(.text)
    ADC_GetITStatus                          0x08000925   Thumb Code    34  stm32f0xx_adc.o(.text)
    ADC_ClearITPendingBit                    0x08000947   Thumb Code     4  stm32f0xx_adc.o(.text)
    DMA_DeInit                               0x08000959   Thumb Code   208  stm32f0xx_dma.o(.text)
    DMA_Init                                 0x08000a29   Thumb Code    58  stm32f0xx_dma.o(.text)
    DMA_StructInit                           0x08000a63   Thumb Code    26  stm32f0xx_dma.o(.text)
    DMA_Cmd                                  0x08000a7d   Thumb Code    24  stm32f0xx_dma.o(.text)
    DMA_SetCurrDataCounter                   0x08000a95   Thumb Code     4  stm32f0xx_dma.o(.text)
    DMA_GetCurrDataCounter                   0x08000a99   Thumb Code     8  stm32f0xx_dma.o(.text)
    DMA_ITConfig                             0x08000aa1   Thumb Code    20  stm32f0xx_dma.o(.text)
    DMA_GetFlagStatus                        0x08000ab5   Thumb Code    24  stm32f0xx_dma.o(.text)
    DMA_ClearFlag                            0x08000acd   Thumb Code     8  stm32f0xx_dma.o(.text)
    DMA_GetITStatus                          0x08000ad5   Thumb Code    24  stm32f0xx_dma.o(.text)
    DMA_ClearITPendingBit                    0x08000aed   Thumb Code     8  stm32f0xx_dma.o(.text)
    GPIO_DeInit                              0x08000b01   Thumb Code   156  stm32f0xx_gpio.o(.text)
    GPIO_Init                                0x08000b9d   Thumb Code   144  stm32f0xx_gpio.o(.text)
    GPIO_StructInit                          0x08000c2d   Thumb Code    20  stm32f0xx_gpio.o(.text)
    GPIO_PinLockConfig                       0x08000c41   Thumb Code    34  stm32f0xx_gpio.o(.text)
    GPIO_ReadInputDataBit                    0x08000c63   Thumb Code    20  stm32f0xx_gpio.o(.text)
    GPIO_ReadInputData                       0x08000c77   Thumb Code     6  stm32f0xx_gpio.o(.text)
    GPIO_ReadOutputDataBit                   0x08000c7d   Thumb Code    20  stm32f0xx_gpio.o(.text)
    GPIO_ReadOutputData                      0x08000c91   Thumb Code     6  stm32f0xx_gpio.o(.text)
    GPIO_SetBits                             0x08000c97   Thumb Code     4  stm32f0xx_gpio.o(.text)
    GPIO_ResetBits                           0x08000c9b   Thumb Code     4  stm32f0xx_gpio.o(.text)
    GPIO_WriteBit                            0x08000c9f   Thumb Code    12  stm32f0xx_gpio.o(.text)
    GPIO_Write                               0x08000cab   Thumb Code     4  stm32f0xx_gpio.o(.text)
    GPIO_PinAFConfig                         0x08000caf   Thumb Code    68  stm32f0xx_gpio.o(.text)
    IWDG_WriteAccessCmd                      0x08000d0d   Thumb Code     6  stm32f0xx_iwdg.o(.text)
    IWDG_SetPrescaler                        0x08000d13   Thumb Code     6  stm32f0xx_iwdg.o(.text)
    IWDG_SetReload                           0x08000d19   Thumb Code     6  stm32f0xx_iwdg.o(.text)
    IWDG_ReloadCounter                       0x08000d1f   Thumb Code     8  stm32f0xx_iwdg.o(.text)
    IWDG_SetWindowValue                      0x08000d27   Thumb Code     6  stm32f0xx_iwdg.o(.text)
    IWDG_Enable                              0x08000d2d   Thumb Code     8  stm32f0xx_iwdg.o(.text)
    IWDG_GetFlagStatus                       0x08000d35   Thumb Code    22  stm32f0xx_iwdg.o(.text)
    NVIC_Init                                0x08000d59   Thumb Code   106  stm32f0xx_misc.o(.text)
    NVIC_SystemLPConfig                      0x08000dc3   Thumb Code    28  stm32f0xx_misc.o(.text)
    SysTick_CLKSourceConfig                  0x08000ddf   Thumb Code    32  stm32f0xx_misc.o(.text)
    RCC_DeInit                               0x08000e0d   Thumb Code   104  stm32f0xx_rcc.o(.text)
    RCC_HSEConfig                            0x08000e75   Thumb Code    12  stm32f0xx_rcc.o(.text)
    RCC_GetFlagStatus                        0x08000e81   Thumb Code    68  stm32f0xx_rcc.o(.text)
    RCC_WaitForHSEStartUp                    0x08000ec5   Thumb Code    60  stm32f0xx_rcc.o(.text)
    RCC_AdjustHSICalibrationValue            0x08000f01   Thumb Code    26  stm32f0xx_rcc.o(.text)
    RCC_HSICmd                               0x08000f1b   Thumb Code    32  stm32f0xx_rcc.o(.text)
    RCC_AdjustHSI14CalibrationValue          0x08000f3b   Thumb Code    26  stm32f0xx_rcc.o(.text)
    RCC_HSI14Cmd                             0x08000f55   Thumb Code    32  stm32f0xx_rcc.o(.text)
    RCC_HSI14ADCRequestCmd                   0x08000f75   Thumb Code    32  stm32f0xx_rcc.o(.text)
    RCC_LSEConfig                            0x08000f95   Thumb Code    34  stm32f0xx_rcc.o(.text)
    RCC_LSEDriveConfig                       0x08000fb7   Thumb Code    22  stm32f0xx_rcc.o(.text)
    RCC_LSICmd                               0x08000fcd   Thumb Code    32  stm32f0xx_rcc.o(.text)
    RCC_PLLConfig                            0x08000fed   Thumb Code    30  stm32f0xx_rcc.o(.text)
    RCC_PLLCmd                               0x0800100b   Thumb Code    36  stm32f0xx_rcc.o(.text)
    RCC_HSI48Cmd                             0x0800102f   Thumb Code    36  stm32f0xx_rcc.o(.text)
    RCC_PREDIV1Config                        0x08001053   Thumb Code    24  stm32f0xx_rcc.o(.text)
    RCC_ClockSecuritySystemCmd               0x0800106b   Thumb Code    36  stm32f0xx_rcc.o(.text)
    RCC_MCOConfig                            0x0800108f   Thumb Code     6  stm32f0xx_rcc.o(.text)
    RCC_SYSCLKConfig                         0x08001095   Thumb Code    24  stm32f0xx_rcc.o(.text)
    RCC_GetSYSCLKSource                      0x080010ad   Thumb Code    10  stm32f0xx_rcc.o(.text)
    RCC_HCLKConfig                           0x080010b7   Thumb Code    28  stm32f0xx_rcc.o(.text)
    RCC_PCLKConfig                           0x080010d3   Thumb Code    30  stm32f0xx_rcc.o(.text)
    RCC_ADCCLKConfig                         0x080010f1   Thumb Code    52  stm32f0xx_rcc.o(.text)
    RCC_CECCLKConfig                         0x08001125   Thumb Code    22  stm32f0xx_rcc.o(.text)
    RCC_I2CCLKConfig                         0x0800113b   Thumb Code    22  stm32f0xx_rcc.o(.text)
    RCC_USARTCLKConfig                       0x08001151   Thumb Code    48  stm32f0xx_rcc.o(.text)
    RCC_USBCLKConfig                         0x08001181   Thumb Code    22  stm32f0xx_rcc.o(.text)
    RCC_GetClocksFreq                        0x08001197   Thumb Code   490  stm32f0xx_rcc.o(.text)
    RCC_RTCCLKConfig                         0x08001381   Thumb Code    12  stm32f0xx_rcc.o(.text)
    RCC_RTCCLKCmd                            0x0800138d   Thumb Code    36  stm32f0xx_rcc.o(.text)
    RCC_BackupResetCmd                       0x080013b1   Thumb Code    36  stm32f0xx_rcc.o(.text)
    RCC_AHBPeriphClockCmd                    0x080013d5   Thumb Code    28  stm32f0xx_rcc.o(.text)
    RCC_APB2PeriphClockCmd                   0x080013f1   Thumb Code    28  stm32f0xx_rcc.o(.text)
    RCC_APB1PeriphClockCmd                   0x0800140d   Thumb Code    28  stm32f0xx_rcc.o(.text)
    RCC_AHBPeriphResetCmd                    0x08001429   Thumb Code    28  stm32f0xx_rcc.o(.text)
    RCC_APB2PeriphResetCmd                   0x08001445   Thumb Code    28  stm32f0xx_rcc.o(.text)
    RCC_APB1PeriphResetCmd                   0x08001461   Thumb Code    28  stm32f0xx_rcc.o(.text)
    RCC_ITConfig                             0x0800147d   Thumb Code    28  stm32f0xx_rcc.o(.text)
    RCC_ClearFlag                            0x08001499   Thumb Code    16  stm32f0xx_rcc.o(.text)
    RCC_GetITStatus                          0x080014a9   Thumb Code    22  stm32f0xx_rcc.o(.text)
    RCC_ClearITPendingBit                    0x080014bf   Thumb Code     6  stm32f0xx_rcc.o(.text)
    TIM_DeInit                               0x080014dd   Thumb Code   228  stm32f0xx_tim.o(.text)
    TIM_TimeBaseInit                         0x080015c1   Thumb Code    90  stm32f0xx_tim.o(.text)
    TIM_TimeBaseStructInit                   0x0800161b   Thumb Code    18  stm32f0xx_tim.o(.text)
    TIM_PrescalerConfig                      0x0800162d   Thumb Code     6  stm32f0xx_tim.o(.text)
    TIM_CounterModeConfig                    0x08001633   Thumb Code    20  stm32f0xx_tim.o(.text)
    TIM_SetCounter                           0x08001647   Thumb Code     4  stm32f0xx_tim.o(.text)
    TIM_SetAutoreload                        0x0800164b   Thumb Code     4  stm32f0xx_tim.o(.text)
    TIM_GetCounter                           0x0800164f   Thumb Code     6  stm32f0xx_tim.o(.text)
    TIM_GetPrescaler                         0x08001655   Thumb Code     6  stm32f0xx_tim.o(.text)
    TIM_UpdateDisableConfig                  0x0800165b   Thumb Code    26  stm32f0xx_tim.o(.text)
    TIM_UpdateRequestConfig                  0x08001675   Thumb Code    26  stm32f0xx_tim.o(.text)
    TIM_ARRPreloadConfig                     0x0800168f   Thumb Code    26  stm32f0xx_tim.o(.text)
    TIM_SelectOnePulseMode                   0x080016a9   Thumb Code    18  stm32f0xx_tim.o(.text)
    TIM_SetClockDivision                     0x080016bb   Thumb Code    16  stm32f0xx_tim.o(.text)
    TIM_Cmd                                  0x080016cb   Thumb Code    26  stm32f0xx_tim.o(.text)
    TIM_BDTRConfig                           0x080016e5   Thumb Code    32  stm32f0xx_tim.o(.text)
    TIM_BDTRStructInit                       0x08001705   Thumb Code    18  stm32f0xx_tim.o(.text)
    TIM_CtrlPWMOutputs                       0x08001717   Thumb Code    34  stm32f0xx_tim.o(.text)
    TIM_OC1Init                              0x08001739   Thumb Code   122  stm32f0xx_tim.o(.text)
    TIM_OC2Init                              0x080017b3   Thumb Code   144  stm32f0xx_tim.o(.text)
    TIM_OC3Init                              0x08001843   Thumb Code   190  stm32f0xx_tim.o(.text)
    TIM_OC4Init                              0x08001901   Thumb Code    88  stm32f0xx_tim.o(.text)
    TIM_OCStructInit                         0x08001959   Thumb Code    20  stm32f0xx_tim.o(.text)
    TIM_SelectOCxM                           0x0800196d   Thumb Code    82  stm32f0xx_tim.o(.text)
    TIM_SetCompare1                          0x080019bf   Thumb Code     4  stm32f0xx_tim.o(.text)
    TIM_SetCompare2                          0x080019c3   Thumb Code     4  stm32f0xx_tim.o(.text)
    TIM_SetCompare3                          0x080019c7   Thumb Code     4  stm32f0xx_tim.o(.text)
    TIM_SetCompare4                          0x080019cb   Thumb Code     4  stm32f0xx_tim.o(.text)
    TIM_ForcedOC1Config                      0x080019cf   Thumb Code    20  stm32f0xx_tim.o(.text)
    TIM_ForcedOC2Config                      0x080019e3   Thumb Code    20  stm32f0xx_tim.o(.text)
    TIM_ForcedOC3Config                      0x080019f7   Thumb Code    20  stm32f0xx_tim.o(.text)
    TIM_ForcedOC4Config                      0x08001a0b   Thumb Code    20  stm32f0xx_tim.o(.text)
    TIM_CCPreloadControl                     0x08001a1f   Thumb Code    26  stm32f0xx_tim.o(.text)
    TIM_OC1PreloadConfig                     0x08001a39   Thumb Code    22  stm32f0xx_tim.o(.text)
    TIM_OC2PreloadConfig                     0x08001a4f   Thumb Code    20  stm32f0xx_tim.o(.text)
    TIM_OC3PreloadConfig                     0x08001a63   Thumb Code    22  stm32f0xx_tim.o(.text)
    TIM_OC4PreloadConfig                     0x08001a79   Thumb Code    20  stm32f0xx_tim.o(.text)
    TIM_OC1FastConfig                        0x08001a8d   Thumb Code    22  stm32f0xx_tim.o(.text)
    TIM_OC2FastConfig                        0x08001aa3   Thumb Code    20  stm32f0xx_tim.o(.text)
    TIM_OC3FastConfig                        0x08001ab7   Thumb Code    22  stm32f0xx_tim.o(.text)
    TIM_OC4FastConfig                        0x08001acd   Thumb Code    20  stm32f0xx_tim.o(.text)
    TIM_ClearOC1Ref                          0x08001ae1   Thumb Code    22  stm32f0xx_tim.o(.text)
    TIM_ClearOC2Ref                          0x08001af7   Thumb Code    20  stm32f0xx_tim.o(.text)
    TIM_ClearOC3Ref                          0x08001b0b   Thumb Code    22  stm32f0xx_tim.o(.text)
    TIM_ClearOC4Ref                          0x08001b21   Thumb Code    20  stm32f0xx_tim.o(.text)
    TIM_OC1PolarityConfig                    0x08001b35   Thumb Code    22  stm32f0xx_tim.o(.text)
    TIM_OC1NPolarityConfig                   0x08001b4b   Thumb Code    22  stm32f0xx_tim.o(.text)
    TIM_OC2PolarityConfig                    0x08001b61   Thumb Code    22  stm32f0xx_tim.o(.text)
    TIM_OC2NPolarityConfig                   0x08001b77   Thumb Code    22  stm32f0xx_tim.o(.text)
    TIM_OC3PolarityConfig                    0x08001b8d   Thumb Code    20  stm32f0xx_tim.o(.text)
    TIM_OC3NPolarityConfig                   0x08001ba1   Thumb Code    20  stm32f0xx_tim.o(.text)
    TIM_OC4PolarityConfig                    0x08001bb5   Thumb Code    20  stm32f0xx_tim.o(.text)
    TIM_SelectOCREFClear                     0x08001bc9   Thumb Code    18  stm32f0xx_tim.o(.text)
    TIM_CCxCmd                               0x08001bdb   Thumb Code    30  stm32f0xx_tim.o(.text)
    TIM_CCxNCmd                              0x08001bf9   Thumb Code    30  stm32f0xx_tim.o(.text)
    TIM_SelectCOM                            0x08001c17   Thumb Code    26  stm32f0xx_tim.o(.text)
    TIM_SetIC4Prescaler                      0x08001c31   Thumb Code    20  stm32f0xx_tim.o(.text)
    TIM_SetIC3Prescaler                      0x08001c87   Thumb Code    18  stm32f0xx_tim.o(.text)
    TIM_SetIC2Prescaler                      0x08001cdb   Thumb Code    78  stm32f0xx_tim.o(.text)
    TIM_SetIC1Prescaler                      0x08001d6b   Thumb Code    18  stm32f0xx_tim.o(.text)
    TIM_ICInit                               0x08001db3   Thumb Code   112  stm32f0xx_tim.o(.text)
    TIM_ICStructInit                         0x08001e23   Thumb Code    18  stm32f0xx_tim.o(.text)
    TIM_PWMIConfig                           0x08001e35   Thumb Code   124  stm32f0xx_tim.o(.text)
    TIM_GetCapture1                          0x08001eb1   Thumb Code     6  stm32f0xx_tim.o(.text)
    TIM_GetCapture2                          0x08001eb7   Thumb Code     6  stm32f0xx_tim.o(.text)
    TIM_GetCapture3                          0x08001ebd   Thumb Code     6  stm32f0xx_tim.o(.text)
    TIM_GetCapture4                          0x08001ec3   Thumb Code     6  stm32f0xx_tim.o(.text)
    TIM_ITConfig                             0x08001ec9   Thumb Code    20  stm32f0xx_tim.o(.text)
    TIM_GenerateEvent                        0x08001edd   Thumb Code     4  stm32f0xx_tim.o(.text)
    TIM_GetFlagStatus                        0x08001ee1   Thumb Code    20  stm32f0xx_tim.o(.text)
    TIM_ClearFlag                            0x08001ef5   Thumb Code     6  stm32f0xx_tim.o(.text)
    TIM_GetITStatus                          0x08001efb   Thumb Code    38  stm32f0xx_tim.o(.text)
    TIM_ClearITPendingBit                    0x08001f21   Thumb Code     6  stm32f0xx_tim.o(.text)
    TIM_DMAConfig                            0x08001f27   Thumb Code    12  stm32f0xx_tim.o(.text)
    TIM_DMACmd                               0x08001f33   Thumb Code    20  stm32f0xx_tim.o(.text)
    TIM_SelectCCDMA                          0x08001f47   Thumb Code    26  stm32f0xx_tim.o(.text)
    TIM_InternalClockConfig                  0x08001f61   Thumb Code    12  stm32f0xx_tim.o(.text)
    TIM_SelectInputTrigger                   0x08001f6d   Thumb Code    22  stm32f0xx_tim.o(.text)
    TIM_ITRxExternalClockConfig              0x08001f83   Thumb Code    24  stm32f0xx_tim.o(.text)
    TIM_TIxExternalClockConfig               0x08001f9b   Thumb Code    58  stm32f0xx_tim.o(.text)
    TIM_ETRConfig                            0x08001fd5   Thumb Code    24  stm32f0xx_tim.o(.text)
    TIM_ETRClockMode1Config                  0x08001fed   Thumb Code    48  stm32f0xx_tim.o(.text)
    TIM_ETRClockMode2Config                  0x0800201d   Thumb Code    34  stm32f0xx_tim.o(.text)
    TIM_SelectOutputTrigger                  0x0800203f   Thumb Code    18  stm32f0xx_tim.o(.text)
    TIM_SelectSlaveMode                      0x08002051   Thumb Code    18  stm32f0xx_tim.o(.text)
    TIM_SelectMasterSlaveMode                0x08002063   Thumb Code    18  stm32f0xx_tim.o(.text)
    TIM_EncoderInterfaceConfig               0x08002075   Thumb Code    60  stm32f0xx_tim.o(.text)
    TIM_SelectHallSensor                     0x080020b1   Thumb Code    26  stm32f0xx_tim.o(.text)
    TIM_RemapConfig                          0x080020cb   Thumb Code     6  stm32f0xx_tim.o(.text)
    USART_DeInit                             0x080020dd   Thumb Code   108  stm32f0xx_usart.o(.text)
    USART_Init                               0x08002149   Thumb Code   214  stm32f0xx_usart.o(.text)
    USART_StructInit                         0x0800221f   Thumb Code    24  stm32f0xx_usart.o(.text)
    USART_ClockInit                          0x08002237   Thumb Code    36  stm32f0xx_usart.o(.text)
    USART_ClockStructInit                    0x0800225b   Thumb Code    12  stm32f0xx_usart.o(.text)
    USART_Cmd                                0x08002267   Thumb Code    24  stm32f0xx_usart.o(.text)
    USART_DirectionModeCmd                   0x0800227f   Thumb Code    20  stm32f0xx_usart.o(.text)
    USART_OverSampling8Cmd                   0x08002293   Thumb Code    28  stm32f0xx_usart.o(.text)
    USART_OneBitMethodCmd                    0x080022af   Thumb Code    28  stm32f0xx_usart.o(.text)
    USART_MSBFirstCmd                        0x080022cb   Thumb Code    28  stm32f0xx_usart.o(.text)
    USART_DataInvCmd                         0x080022e7   Thumb Code    28  stm32f0xx_usart.o(.text)
    USART_InvPinCmd                          0x08002303   Thumb Code    20  stm32f0xx_usart.o(.text)
    USART_SWAPPinCmd                         0x08002317   Thumb Code    28  stm32f0xx_usart.o(.text)
    USART_ReceiverTimeOutCmd                 0x08002333   Thumb Code    28  stm32f0xx_usart.o(.text)
    USART_SetReceiverTimeOut                 0x0800234f   Thumb Code    16  stm32f0xx_usart.o(.text)
    USART_SetPrescaler                       0x0800235f   Thumb Code    18  stm32f0xx_usart.o(.text)
    USART_STOPModeCmd                        0x08002371   Thumb Code    24  stm32f0xx_usart.o(.text)
    USART_StopModeWakeUpSourceConfig         0x08002389   Thumb Code    18  stm32f0xx_usart.o(.text)
    USART_AutoBaudRateCmd                    0x0800239b   Thumb Code    28  stm32f0xx_usart.o(.text)
    USART_AutoBaudRateConfig                 0x080023b7   Thumb Code    18  stm32f0xx_usart.o(.text)
    USART_SendData                           0x080023c9   Thumb Code     8  stm32f0xx_usart.o(.text)
    USART_ReceiveData                        0x080023d1   Thumb Code    10  stm32f0xx_usart.o(.text)
    USART_SetAddress                         0x080023db   Thumb Code    18  stm32f0xx_usart.o(.text)
    USART_MuteModeCmd                        0x080023ed   Thumb Code    28  stm32f0xx_usart.o(.text)
    USART_MuteModeWakeUpConfig               0x08002409   Thumb Code    18  stm32f0xx_usart.o(.text)
    USART_AddressDetectionConfig             0x0800241b   Thumb Code    16  stm32f0xx_usart.o(.text)
    USART_LINBreakDetectLengthConfig         0x0800242b   Thumb Code    16  stm32f0xx_usart.o(.text)
    USART_LINCmd                             0x0800243b   Thumb Code    28  stm32f0xx_usart.o(.text)
    USART_HalfDuplexCmd                      0x08002457   Thumb Code    24  stm32f0xx_usart.o(.text)
    USART_SetGuardTime                       0x0800246f   Thumb Code    16  stm32f0xx_usart.o(.text)
    USART_SmartCardCmd                       0x0800247f   Thumb Code    24  stm32f0xx_usart.o(.text)
    USART_SmartCardNACKCmd                   0x08002497   Thumb Code    24  stm32f0xx_usart.o(.text)
    USART_SetAutoRetryCount                  0x080024af   Thumb Code    46  stm32f0xx_usart.o(.text)
    USART_SetBlockLength                     0x080024dd   Thumb Code    18  stm32f0xx_usart.o(.text)
    USART_IrDAConfig                         0x080024ef   Thumb Code    16  stm32f0xx_usart.o(.text)
    USART_IrDACmd                            0x080024ff   Thumb Code    24  stm32f0xx_usart.o(.text)
    USART_DECmd                              0x08002517   Thumb Code    28  stm32f0xx_usart.o(.text)
    USART_DEPolarityConfig                   0x08002533   Thumb Code    18  stm32f0xx_usart.o(.text)
    USART_SetDEAssertionTime                 0x08002545   Thumb Code    20  stm32f0xx_usart.o(.text)
    USART_SetDEDeassertionTime               0x08002559   Thumb Code    20  stm32f0xx_usart.o(.text)
    USART_DMACmd                             0x0800256d   Thumb Code    20  stm32f0xx_usart.o(.text)
    USART_DMAReceptionErrorConfig            0x08002581   Thumb Code    18  stm32f0xx_usart.o(.text)
    USART_ITConfig                           0x08002593   Thumb Code    66  stm32f0xx_usart.o(.text)
    USART_RequestCmd                         0x080025d5   Thumb Code    20  stm32f0xx_usart.o(.text)
    USART_OverrunDetectionConfig             0x080025e9   Thumb Code    18  stm32f0xx_usart.o(.text)
    USART_GetFlagStatus                      0x080025fb   Thumb Code    20  stm32f0xx_usart.o(.text)
    USART_ClearFlag                          0x0800260f   Thumb Code     4  stm32f0xx_usart.o(.text)
    USART_GetITStatus                        0x08002613   Thumb Code    78  stm32f0xx_usart.o(.text)
    USART_ClearITPendingBit                  0x08002661   Thumb Code    18  stm32f0xx_usart.o(.text)
    WWDG_DeInit                              0x08002675   Thumb Code    22  stm32f0xx_wwdg.o(.text)
    WWDG_SetPrescaler                        0x0800268b   Thumb Code    26  stm32f0xx_wwdg.o(.text)
    WWDG_SetWindowValue                      0x080026a5   Thumb Code    34  stm32f0xx_wwdg.o(.text)
    WWDG_EnableIT                            0x080026c7   Thumb Code    16  stm32f0xx_wwdg.o(.text)
    WWDG_SetCounter                          0x080026d7   Thumb Code    10  stm32f0xx_wwdg.o(.text)
    WWDG_Enable                              0x080026e1   Thumb Code    10  stm32f0xx_wwdg.o(.text)
    WWDG_GetFlagStatus                       0x080026eb   Thumb Code    18  stm32f0xx_wwdg.o(.text)
    WWDG_ClearFlag                           0x080026fd   Thumb Code     8  stm32f0xx_wwdg.o(.text)
    IWDG_Configuration                       0x08002705   Thumb Code    30  stm32f0xx_wwdg.o(.text)
    IWDG_Feeding                             0x08002723   Thumb Code    14  stm32f0xx_wwdg.o(.text)
    Motor_GPIO_Init                          0x0800273d   Thumb Code   112  key.o(.text)
    Airbag_GPIO_Init                         0x080027ad   Thumb Code    52  key.o(.text)
    HandSet_Init                             0x080027e1   Thumb Code   134  key.o(.text)
    HandSet_Handle                           0x08002867   Thumb Code  1380  key.o(.text)
    SystemInit                               0x08002e63   Thumb Code   110  system_stm32f0xx.o(.text)
    SystemCoreClockUpdate                    0x08002ed1   Thumb Code   154  system_stm32f0xx.o(.text)
    Reset_Handler                            0x08002f8d   Thumb Code     8  startup_stm32f030.o(.text)
    ADC1_IRQHandler                          0x08002f9f   Thumb Code     0  startup_stm32f030.o(.text)
    DMA1_Channel2_3_IRQHandler               0x08002f9f   Thumb Code     0  startup_stm32f030.o(.text)
    DMA1_Channel4_5_IRQHandler               0x08002f9f   Thumb Code     0  startup_stm32f030.o(.text)
    EXTI0_1_IRQHandler                       0x08002f9f   Thumb Code     0  startup_stm32f030.o(.text)
    EXTI2_3_IRQHandler                       0x08002f9f   Thumb Code     0  startup_stm32f030.o(.text)
    EXTI4_15_IRQHandler                      0x08002f9f   Thumb Code     0  startup_stm32f030.o(.text)
    FLASH_IRQHandler                         0x08002f9f   Thumb Code     0  startup_stm32f030.o(.text)
    I2C1_IRQHandler                          0x08002f9f   Thumb Code     0  startup_stm32f030.o(.text)
    I2C2_IRQHandler                          0x08002f9f   Thumb Code     0  startup_stm32f030.o(.text)
    RCC_IRQHandler                           0x08002f9f   Thumb Code     0  startup_stm32f030.o(.text)
    RTC_IRQHandler                           0x08002f9f   Thumb Code     0  startup_stm32f030.o(.text)
    SPI1_IRQHandler                          0x08002f9f   Thumb Code     0  startup_stm32f030.o(.text)
    SPI2_IRQHandler                          0x08002f9f   Thumb Code     0  startup_stm32f030.o(.text)
    TIM14_IRQHandler                         0x08002f9f   Thumb Code     0  startup_stm32f030.o(.text)
    TIM15_IRQHandler                         0x08002f9f   Thumb Code     0  startup_stm32f030.o(.text)
    TIM17_IRQHandler                         0x08002f9f   Thumb Code     0  startup_stm32f030.o(.text)
    TIM1_BRK_UP_TRG_COM_IRQHandler           0x08002f9f   Thumb Code     0  startup_stm32f030.o(.text)
    TIM1_CC_IRQHandler                       0x08002f9f   Thumb Code     0  startup_stm32f030.o(.text)
    TIM3_IRQHandler                          0x08002f9f   Thumb Code     0  startup_stm32f030.o(.text)
    USART1_IRQHandler                        0x08002f9f   Thumb Code     0  startup_stm32f030.o(.text)
    USART2_IRQHandler                        0x08002f9f   Thumb Code     0  startup_stm32f030.o(.text)
    WWDG_IRQHandler                          0x08002f9f   Thumb Code     0  startup_stm32f030.o(.text)
    __aeabi_uidiv                            0x08002fa9   Thumb Code     0  uidiv.o(.text)
    __aeabi_uidivmod                         0x08002fa9   Thumb Code    44  uidiv.o(.text)
    __scatterload                            0x08002fd5   Thumb Code    28  init.o(.text)
    __scatterload_rt2                        0x08002fd5   Thumb Code     0  init.o(.text)
    __scatterload_copy                       0x08002ff9   Thumb Code    14  handlers.o(i.__scatterload_copy)
    __scatterload_null                       0x08003007   Thumb Code     2  handlers.o(i.__scatterload_null)
    __scatterload_zeroinit                   0x08003009   Thumb Code    14  handlers.o(i.__scatterload_zeroinit)
    AHBPrescTable                            0x08003016   Data          16  system_stm32f0xx.o(.constdata)
    Region$$Table$$Base                      0x08003028   Number         0  anon$$obj.o(Region$$Table)
    Region$$Table$$Limit                     0x08003048   Number         0  anon$$obj.o(Region$$Table)
    M1_AD                                    0x20000000   Data           4  main.o(.data)
    M2_AD                                    0x20000004   Data           4  main.o(.data)
    tmpM1_ad                                 0x20000008   Data           4  main.o(.data)
    tmpM2_ad                                 0x2000000c   Data           4  main.o(.data)
    M1NeedToStopFlag                         0x20000010   Data           1  main.o(.data)
    M2NeedToStopFlag                         0x20000011   Data           1  main.o(.data)
    ReciveceDatecount                        0x20000012   Data           2  main.o(.data)
    ADC_ConvertedValueLocal1                 0x20000014   Data           4  main.o(.data)
    ADC_ConvertedValueLocal2                 0x20000018   Data           4  main.o(.data)
    RegularConvData_Tab                      0x2000001c   Data           4  main.o(.data)
    motor1_firstFlag                         0x20000030   Data           1  key.o(.data)
    motor2_firstFlag                         0x20000031   Data           1  key.o(.data)
    motor1_topFlag                           0x20000032   Data           1  key.o(.data)
    motor1_bottomFlag                        0x20000033   Data           1  key.o(.data)
    motor2_topFlag                           0x20000034   Data           1  key.o(.data)
    motor2_bottomFlag                        0x20000035   Data           1  key.o(.data)
    press_time                               0x20000038   Data           4  key.o(.data)
    press_HoldTime                           0x2000003c   Data           4  key.o(.data)
    SwitchFastFlag                           0x20000040   Data           1  key.o(.data)
    SystemCoreClock                          0x20000044   Data           4  system_stm32f0xx.o(.data)
    __initial_sp                             0x20000848   Data           0  startup_stm32f030.o(STACK)



==============================================================================

Memory Map of the image

  Image Entry point : 0x080000b5

  Load Region LR_IROM1 (Base: 0x08000000, Size: 0x00003090, Max: 0x00010000, ABSOLUTE)

    Execution Region ER_IROM1 (Base: 0x08000000, Size: 0x00003048, Max: 0x00010000, ABSOLUTE)

    Base Addr    Size         Type   Attr      Idx    E Section Name        Object

    0x08000000   0x000000b4   Data   RO          716    RESET               startup_stm32f030.o
    0x080000b4   0x00000000   Code   RO          721  * .ARM.Collect$$$$00000000  mc_p.l(entry.o)
    0x080000b4   0x00000004   Code   RO          726    .ARM.Collect$$$$00000001  mc_p.l(entry2.o)
    0x080000b8   0x00000004   Code   RO          729    .ARM.Collect$$$$00000004  mc_p.l(entry5.o)
    0x080000bc   0x00000000   Code   RO          731    .ARM.Collect$$$$00000008  mc_p.l(entry7b.o)
    0x080000bc   0x00000000   Code   RO          733    .ARM.Collect$$$$0000000A  mc_p.l(entry8b.o)
    0x080000bc   0x00000008   Code   RO          734    .ARM.Collect$$$$0000000B  mc_p.l(entry9a.o)
    0x080000c4   0x00000000   Code   RO          736    .ARM.Collect$$$$0000000D  mc_p.l(entry10a.o)
    0x080000c4   0x00000000   Code   RO          738    .ARM.Collect$$$$0000000F  mc_p.l(entry11a.o)
    0x080000c4   0x00000004   Code   RO          727    .ARM.Collect$$$$00002712  mc_p.l(entry2.o)
    0x080000c8   0x00000524   Code   RO            3    .text               main.o
    0x080005ec   0x0000000c   Code   RO          110    .text               stm32f0xx_it.o
    0x080005f8   0x00000074   Code   RO          133    .text               system.o
    0x0800066c   0x000002ec   Code   RO          153    .text               stm32f0xx_adc.o
    0x08000958   0x000001a8   Code   RO          334    .text               stm32f0xx_dma.o
    0x08000b00   0x0000020c   Code   RO          394    .text               stm32f0xx_gpio.o
    0x08000d0c   0x0000004c   Code   RO          437    .text               stm32f0xx_iwdg.o
    0x08000d58   0x000000b4   Code   RO          457    .text               stm32f0xx_misc.o
    0x08000e0c   0x000006d0   Code   RO          497    .text               stm32f0xx_rcc.o
    0x080014dc   0x00000c00   Code   RO          582    .text               stm32f0xx_tim.o
    0x080020dc   0x00000596   Code   RO          602    .text               stm32f0xx_usart.o
    0x08002672   0x00000002   PAD
    0x08002674   0x000000c8   Code   RO          622    .text               stm32f0xx_wwdg.o
    0x0800273c   0x000006b0   Code   RO          645    .text               key.o
    0x08002dec   0x000001a0   Code   RO          674    .text               system_stm32f0xx.o
    0x08002f8c   0x0000001c   Code   RO          717    .text               startup_stm32f030.o
    0x08002fa8   0x0000002c   Code   RO          724    .text               mc_p.l(uidiv.o)
    0x08002fd4   0x00000024   Code   RO          740    .text               mc_p.l(init.o)
    0x08002ff8   0x0000000e   Code   RO          744    i.__scatterload_copy  mc_p.l(handlers.o)
    0x08003006   0x00000002   Code   RO          745    i.__scatterload_null  mc_p.l(handlers.o)
    0x08003008   0x0000000e   Code   RO          746    i.__scatterload_zeroinit  mc_p.l(handlers.o)
    0x08003016   0x00000010   Data   RO          675    .constdata          system_stm32f0xx.o
    0x08003026   0x00000002   PAD
    0x08003028   0x00000020   Data   RO          742    Region$$Table       anon$$obj.o


    Execution Region RW_IRAM1 (Base: 0x20000000, Size: 0x00000848, Max: 0x00002000, ABSOLUTE)

    Base Addr    Size         Type   Attr      Idx    E Section Name        Object

    0x20000000   0x00000020   Data   RW            4    .data               main.o
    0x20000020   0x00000010   Data   RW          498    .data               stm32f0xx_rcc.o
    0x20000030   0x00000011   Data   RW          646    .data               key.o
    0x20000041   0x00000003   PAD
    0x20000044   0x00000004   Data   RW          676    .data               system_stm32f0xx.o
    0x20000048   0x00000800   Zero   RW          714    STACK               startup_stm32f030.o


==============================================================================

Image component sizes


      Code (inc. data)   RO Data    RW Data    ZI Data      Debug   Object Name

      1712         74          0         17          0       2446   key.o
      1316         82          0         32          0     214472   main.o
        28          8        180          0       2048        604   startup_stm32f030.o
       748         14          0          0          0       7015   stm32f0xx_adc.o
       424         12          0          0          0       3602   stm32f0xx_dma.o
       524         26          0          0          0       3673   stm32f0xx_gpio.o
        12          0          0          0          0        783   stm32f0xx_it.o
        76         14          0          0          0       1401   stm32f0xx_iwdg.o
       180         14          0          0          0       1276   stm32f0xx_misc.o
      1744         46          0         16          0       8940   stm32f0xx_rcc.o
      3072        136          0          0          0      22857   stm32f0xx_tim.o
      1430         26          0          0          0      11846   stm32f0xx_usart.o
       200         12          0          0          0       2272   stm32f0xx_wwdg.o
       116          8          0          0          0        902   system.o
       416         34         16          4          0       1547   system_stm32f0xx.o

    ----------------------------------------------------------------------
     12000        506        230         72       2048     283636   Object Totals
         0          0         32          0          0          0   (incl. Generated)
         2          0          2          3          0          0   (incl. Padding)

    ----------------------------------------------------------------------

      Code (inc. data)   RO Data    RW Data    ZI Data      Debug   Library Member Name

         0          0          0          0          0          0   entry.o
         0          0          0          0          0          0   entry10a.o
         0          0          0          0          0          0   entry11a.o
         8          4          0          0          0          0   entry2.o
         4          0          0          0          0          0   entry5.o
         0          0          0          0          0          0   entry7b.o
         0          0          0          0          0          0   entry8b.o
         8          4          0          0          0          0   entry9a.o
        30          0          0          0          0          0   handlers.o
        36          8          0          0          0         68   init.o
        44          0          0          0          0         72   uidiv.o

    ----------------------------------------------------------------------
       130         16          0          0          0        140   Library Totals
         0          0          0          0          0          0   (incl. Padding)

    ----------------------------------------------------------------------

      Code (inc. data)   RO Data    RW Data    ZI Data      Debug   Library Name

       130         16          0          0          0        140   mc_p.l

    ----------------------------------------------------------------------
       130         16          0          0          0        140   Library Totals

    ----------------------------------------------------------------------

==============================================================================


      Code (inc. data)   RO Data    RW Data    ZI Data      Debug   

     12130        522        230         72       2048     282696   Grand Totals
     12130        522        230         72       2048     282696   ELF Image Totals
     12130        522        230         72          0          0   ROM Totals

==============================================================================

    Total RO  Size (Code + RO Data)                12360 (  12.07kB)
    Total RW  Size (RW Data + ZI Data)              2120 (   2.07kB)
    Total ROM Size (Code + RO Data + RW Data)      12432 (  12.14kB)

==============================================================================

